// Jest Snapshot v1, https://goo.gl/fbAQLP

exports[`<Input /> Should render correctly 1`] = `
<View
  inputStatus={0}
  style={
    Array [
      Object {
        "alignSelf": "center",
        "borderColor": "#FFFFFF4D",
        "borderRadius": 16,
        "borderWidth": 4,
        "flexDirection": "row",
        "height": 110,
        "overflow": "hidden",
        "position": "relative",
        "width": "100%",
      },
    ]
  }
  value=""
  variant={1}
>
  <View
    inputStatus={0}
    leftBorder={false}
    style={
      Array [
        Object {
          "flexBasis": 0,
          "flexGrow": 1,
          "flexShrink": 1,
          "justifyContent": "center",
          "paddingBottom": 0,
          "paddingLeft": 40,
          "paddingRight": 40,
          "paddingTop": 0,
        },
      ]
    }
    value=""
    variant={1}
  >
    <TextInput
      accessibilityLabel="inputTest"
      allowFontScaling={true}
      autoCapitalize="none"
      autoCorrect={false}
      inputStatus={0}
      keyboardAppearance="dark"
      onBlur={[Function]}
      onChangeText={[Function]}
      onFocus={[Function]}
      placeholderTextColor="#FFFFFF99"
      rejectResponderTermination={true}
      style={
        Array [
          Object {
            "color": "#FFFFFF",
            "fontSize": 28,
            "height": "100%",
            "lineHeight": 42,
            "paddingBottom": 0,
            "paddingLeft": 0,
            "paddingRight": 0,
            "paddingTop": 0,
            "textAlign": "left",
            "width": "100%",
          },
        ]
      }
      underlineColorAndroid="transparent"
      value=""
    />
  </View>
</View>
`;
